# serializer version: 1
# name: test_fetch_production
  list([
    dict({
      'correctedModes': list([
      ]),
      'datetime': '2021-12-30T09:58:37-05:00',
      'production': dict({
        'biomass': 2.75,
        'coal': 149.6,
        'gas': 355.88,
        'hydro': 421.84,
        'oil': 238.2,
        'solar': 262.76,
        'unknown': 0.0,
        'wind': 115.4,
      }),
      'source': 'sitr.cnd.com.pa',
      'sourceType': 'measured',
      'storage': dict({
      }),
      'zoneKey': 'PA',
    }),
  ])
# ---
