# serializer version: 1
# name: test_fetch_production_live
  list([
    dict({
      'correctedModes': list([
      ]),
      'datetime': '2024-01-01T02:00:00-10:00',
      'production': dict({
        'hydro': 0.969,
        'oil': 54.52,
        'solar': 6.909,
      }),
      'source': 'edt.pf',
      'sourceType': 'measured',
      'storage': dict({
      }),
      'zoneKey': 'PF',
    }),
  ])
# ---
