# serializer version: 1
# name: test_fetch_production
  list([
    dict({
      'datetime': '2025-01-01T00:00:00-06:00',
      'production': dict({
        'biomass': 145.81,
        'geothermal': 162.33,
        'hydro': 160.81,
        'unknown': 58.28,
        'wind': 18.08,
      }),
      'source': 'ut.com.sv',
      'sourceType': 'measured',
      'storage': dict({
      }),
      'zoneKey': 'SV',
    }),
    dict({
      'datetime': '2025-01-01T01:00:00-06:00',
      'production': dict({
        'biomass': 147.53,
        'geothermal': 165.11,
        'hydro': 129.55,
        'unknown': 59.52,
        'wind': 15.79,
      }),
      'source': 'ut.com.sv',
      'sourceType': 'measured',
      'storage': dict({
      }),
      'zoneKey': 'SV',
    }),
    dict({
      'datetime': '2025-01-01T02:00:00-06:00',
      'production': dict({
        'biomass': 148.04,
        'geothermal': 166.12,
        'hydro': 97.36,
        'unknown': 56.4,
        'wind': 19.01,
      }),
      'source': 'ut.com.sv',
      'sourceType': 'measured',
      'storage': dict({
      }),
      'zoneKey': 'SV',
    }),
  ])
# ---
