# serializer version: 1
# name: test_fetch_production
  list([
    dict({
      'correctedModes': list([
      ]),
      'datetime': '2024-01-01T12:00:00+00:00',
      'production': dict({
        'biomass': 21.58,
        'coal': 762.85,
        'gas': 458.2,
        'hydro': 778.79,
        'nuclear': 2118.06,
        'solar': 159.23,
        'wind': 178.62,
      }),
      'source': 'eso.bg',
      'sourceType': 'measured',
      'storage': dict({
      }),
      'zoneKey': 'BG',
    }),
  ])
# ---
